host_tensor_A:	ptr[32b](0x58ba5f322190) o (256,128):(128,_1)
host_tensor_B:	ptr[32b](0x7d282dadd010) o (512,128):(128,_1)
host_tensor_C:	ptr[32b](0x7d282da5c010) o (256,512):(512,_1)
Running for problem shape (MxNxK): 256x512x128
TiledMMA
  ThrLayoutVMNK:  (_1,_1,_1,_1):(_0,_0,_0,_0)
  PermutationMNK: (_,_,_)
MMA_Atom
  ThrID:      _1:_0
  Shape_MNK:  (_128,_256,_8)
  LayoutA_TV: (_1,(_128,_8)):(_0,(_1,_128))
  LayoutB_TV: (_1,(_256,_8)):(_0,(_1,_256))
  LayoutC_TV: (_1,(_128,_256)):(_0,(_1,_128))
mma_shape_A:	((_128,_8),_1,_4)
mma_shape_B:	((_256,_8),_1,_4)
sA_layout:	Sw<3,4,3> o smem_ptr[32b](unset) o ((_128,_8),_1,_4):((_32,_1),_0,_8)
sB_layout:	Sw<3,4,3> o smem_ptr[32b](unset) o ((_256,_8),_1,_4):((_32,_1),_0,_8)
Grid launched: 2, 2, 1
Cluster launched: 1, 1, 1
mA:	gmem_ptr[32b](0x7d260b080000) o (256,128):(128,_1)
mB:	gmem_ptr[32b](0x7d260b0a0000) o (512,128):(128,_1)
mC:	gmem_ptr[32b](0x7d260b0e0000) o (256,512):(512,_1)
mD:	gmem_ptr[32b](0x7d260b000000) o (256,512):(512,_1)
gA:	gmem_ptr[32b](0x7d260b080000) o (_128,_32,4):(128,_1,_32)
gB:	gmem_ptr[32b](0x7d260b0a0000) o (_256,_32,4):(128,_1,_32)
gC:	gmem_ptr[32b](0x7d260b0e0000) o (_128,_256):(512,_1)
gD:	gmem_ptr[32b](0x7d260b000000) o (_128,_256):(512,_1)
tCgA:	gmem_ptr[32b](0x7d260b080000) o ((_128,_8),_1,_4,4):((128,_1),_0,_8,_32)
tCgB:	gmem_ptr[32b](0x7d260b0a0000) o ((_256,_8),_1,_4,4):((128,_1),_0,_8,_32)
tCgC:	gmem_ptr[32b](0x7d260b0e0000) o ((_128,_256),_1,_1):((512,_1),_0,_0)
tCgD:	gmem_ptr[32b](0x7d260b000000) o ((_128,_256),_1,_1):((512,_1),_0,_0)
tCsA:	Sw<3,4,3>_smem_ptr[32b](0x7d2700000400) o ((_128,_8),_1,_4):((_32,_1),_0,_8)
tCsB:	Sw<3,4,3>_smem_ptr[32b](0x7d2700004400) o ((_256,_8),_1,_4):((_32,_1),_0,_8)
tCrA:	UMMA::DescriptorIterator o (_1,_1,_4):(_0,_0,_2)
tCrB:	UMMA::DescriptorIterator o (_1,_1,_4):(_0,_0,_2)
tCtAcc:	tmem_[32b](0x0000.0000) o ((_128,_256),_1,_1):((_65536,_1),_0,_0)
Matrix A: 256x128 of tfloat32_t
Matrix B: 512x128 of tfloat32_t
Matrix C: 256x512 of float
Infinity norm of A: 8.500000e+01
Infinity norm of B: 8.100000e+01
Infinity norm of C: 2.792000e+03
Infinity norm of (C - C_ref): 0.000000e+00
Relative error: 0.000000e+00
Execution is successful.
