Using: ptxas: NVIDIA (R) Ptx optimizing assembler
Target architecture: sm_100a
Output directory: verification/semantic_suite/artifacts/b200_20260727T093435Z_full_semantic_final/mbarrier
[compile] mbarrier_semantic O0
[disasm] mbarrier_semantic O0
[compile] mbarrier_semantic O3
[disasm] mbarrier_semantic O3
[compile] mbarrier_cluster_remote_semantic O0
[disasm] mbarrier_cluster_remote_semantic O0
[compile] mbarrier_cluster_remote_semantic O3
[disasm] mbarrier_cluster_remote_semantic O3
nvcc warning : Support for offline compilation for architectures prior to '<compute/sm/lto>_75' will be removed in a future release (Use -Wno-deprecated-gpu-targets to suppress warning).
nvcc warning : Support for offline compilation for architectures prior to '<compute/sm/lto>_75' will be removed in a future release (Use -Wno-deprecated-gpu-targets to suppress warning).
[run] CTA O0
test_mbarrier_arrive_wait: sum=528 (expected 528): PASS
test_mbarrier_expect_tx_complete_tx: early_wait_pending=1 (expected 1), completion=0xc0dec0de (expected 0xc0dec0de): PASS
test_mbarrier_arrive_expect_tx_complete_tx: early_wait_pending=1 (expected 1), completion=0xb03b03b0 (expected 0xb03b03b0): PASS
test_mbarrier_arrive_drop_next_phase: phase-1 status=0x0a441d04 (expected 0x0a441d04): PASS
test_mbarrier_multi_phase_reuse: sums=[528, 3728, 6928, 10128] (expected [528, 3728, 6928, 10128]): PASS
[run] cluster/remote O0
test_mbarrier_cluster_remote: payload=0xc1a57e01 (expected 0xc1a57e01), protocol=0xc1a57e02 (expected 0xc1a57e02): PASS
[run] CTA O3
test_mbarrier_arrive_wait: sum=528 (expected 528): PASS
test_mbarrier_expect_tx_complete_tx: early_wait_pending=1 (expected 1), completion=0xc0dec0de (expected 0xc0dec0de): PASS
test_mbarrier_arrive_expect_tx_complete_tx: early_wait_pending=1 (expected 1), completion=0xb03b03b0 (expected 0xb03b03b0): PASS
test_mbarrier_arrive_drop_next_phase: phase-1 status=0x0a441d04 (expected 0x0a441d04): PASS
test_mbarrier_multi_phase_reuse: sums=[528, 3728, 6928, 10128] (expected [528, 3728, 6928, 10128]): PASS
[run] cluster/remote O3
test_mbarrier_cluster_remote: payload=0xc1a57e01 (expected 0xc1a57e01), protocol=0xc1a57e02 (expected 0xc1a57e02): PASS
PASS: CTA and cluster/remote mbarrier semantic suites completed for O0 and O3.
