Semantic suite: /workspace/PTX_To_SASS/verification/semantic_suite/tma
Using: ptxas: NVIDIA (R) Ptx optimizing assembler
Target: sm_100a, optimization levels: 0 3
Artifacts: verification/semantic_suite/artifacts/b200_20260727T093435Z_full_semantic_final/tma
[ptxas O0] cp_async_group
[ptxas O0] tma_bulk_store_2d
[ptxas O0] tma_mbarrier_load_2d
[ptxas O0] tma_mbarrier_load_3d
[ptxas O0] tma_multicast_cluster_2d
[ptxas O0] tma_prefetch_2d_execute
[ptxas O0] tma_reduce_add_2d
[ptxas O0] tma_strided_load_2d
[ptxas O0] tma_swizzle_roundtrip_2d
[ptxas O3] cp_async_group
[ptxas O3] tma_bulk_store_2d
[ptxas O3] tma_mbarrier_load_2d
[ptxas O3] tma_mbarrier_load_3d
[ptxas O3] tma_multicast_cluster_2d
[ptxas O3] tma_prefetch_2d_execute
[ptxas O3] tma_reduce_add_2d
[ptxas O3] tma_strided_load_2d
[ptxas O3] tma_swizzle_roundtrip_2d
[host] run_tma_semantic_suite
[run] composed semantic lifecycle checks
[run O0]
Device 0: NVIDIA B200 (compute 10.0)
PASS tma_mbarrier_load_2d: 16x16 u32 tile copied after mbarrier wait
PASS tma_mbarrier_load_3d: 16x16x2 u32 tile copied after mbarrier wait
PASS cp_async_group: 8 u32 values copied after commit/wait
PASS tma_bulk_store_2d: 16x16 u32 tile copied after bulk commit/wait
PASS tma_reduce_add_2d: global baseline plus shared 1..256 after bulk wait
PASS tma_strided_load_2d: 16x16 logical tile read from 32-u32 physical row pitch
PASS tma_swizzle_roundtrip_2d_32B: logical TMA load/store roundtrip
PASS tma_swizzle_roundtrip_2d_64B: logical TMA load/store roundtrip
PASS tma_swizzle_roundtrip_2d_128B: logical TMA load/store roundtrip
PASS tma_multicast_cluster_2d: one TMA issue reached both CTAs in a 2-CTA cluster
EXECUTED tma_prefetch_2d: valid descriptor reached the L2 prefetch instruction
ALL TMA / cp.async semantic lifecycle tests: PASS
[run O3]
Device 0: NVIDIA B200 (compute 10.0)
PASS tma_mbarrier_load_2d: 16x16 u32 tile copied after mbarrier wait
PASS tma_mbarrier_load_3d: 16x16x2 u32 tile copied after mbarrier wait
PASS cp_async_group: 8 u32 values copied after commit/wait
PASS tma_bulk_store_2d: 16x16 u32 tile copied after bulk commit/wait
PASS tma_reduce_add_2d: global baseline plus shared 1..256 after bulk wait
PASS tma_strided_load_2d: 16x16 logical tile read from 32-u32 physical row pitch
PASS tma_swizzle_roundtrip_2d_32B: logical TMA load/store roundtrip
PASS tma_swizzle_roundtrip_2d_64B: logical TMA load/store roundtrip
PASS tma_swizzle_roundtrip_2d_128B: logical TMA load/store roundtrip
PASS tma_multicast_cluster_2d: one TMA issue reached both CTAs in a 2-CTA cluster
EXECUTED tma_prefetch_2d: valid descriptor reached the L2 prefetch instruction
ALL TMA / cp.async semantic lifecycle tests: PASS
PASS: TMA / cp.async semantic suite completed for O0 3.
