Semantic suite: /workspace/PTX_To_SASS/verification/semantic_suite/tma
Using: ptxas: NVIDIA (R) Ptx optimizing assembler
Target: sm_100a, optimization levels: 0 3
Artifacts: /workspace/PTX_To_SASS/verification/semantic_suite/artifacts/b200_20260724T061600Z_final/tma
[ptxas O0] cp_async_group
[ptxas O0] tma_bulk_store_2d
[ptxas O0] tma_mbarrier_load_2d
[ptxas O3] cp_async_group
[ptxas O3] tma_bulk_store_2d
[ptxas O3] tma_mbarrier_load_2d
[host] run_tma_semantic_suite
[run] composed semantic lifecycle checks
[run O0]
Device 0: NVIDIA B200 (compute 10.0)
PASS tma_mbarrier_load_2d: 16x16 u32 tile copied after mbarrier wait
PASS cp_async_group: 8 u32 values copied after commit/wait
PASS tma_bulk_store_2d: 16x16 u32 tile copied after bulk commit/wait
ALL TMA / cp.async semantic lifecycle tests: PASS
[run O3]
Device 0: NVIDIA B200 (compute 10.0)
PASS tma_mbarrier_load_2d: 16x16 u32 tile copied after mbarrier wait
PASS cp_async_group: 8 u32 values copied after commit/wait
PASS tma_bulk_store_2d: 16x16 u32 tile copied after bulk commit/wait
ALL TMA / cp.async semantic lifecycle tests: PASS
PASS: TMA / cp.async semantic suite completed for O0 3.
