CUTLASS: v4.2.1 (f3fde58372d33e9a5650ba7b80fc48b3b49d40c8)
CUDA: Build cuda_12.8.r12.8/compiler.35583870_0
Mode: RUNTIME_ORACLE
[structural] raw PTX lifecycle evidence
Using: ptxas: NVIDIA (R) Ptx optimizing assembler
Mode: STRUCTURAL_COMPILE_ONLY (no CUDA launch)
Marker search: grep
[compile] O0
[disasm] O0
[compile] O3
[disasm] O3
PASS: O0/O3 structural lifecycle compiled and disassembled.
Artifacts: /workspace/PTX_To_SASS/verification/semantic_suite/artifacts/b200_20260727T092000Z_tcgen05_runtime/structural (ignored by Git; not runtime validation evidence).
[compile] f16_cg1 O0
[run] f16_cg1 O0
[compile] f16_cg1 O3
[run] f16_cg1 O3
[compile] bf16_cg1 O0
[run] bf16_cg1 O0
[compile] bf16_cg1 O3
[run] bf16_cg1 O3
[compile] tf32_cg1 O0
[run] tf32_cg1 O0
[compile] tf32_cg1 O3
[run] tf32_cg1 O3
[compile] f16_cg2 O0
[run] f16_cg2 O0
[compile] f16_cg2 O3
[run] f16_cg2 O3
PASS: tcgen05 structural + O0/O3 CuTe descriptor host-oracle cases passed.
Artifacts: /workspace/PTX_To_SASS/verification/semantic_suite/artifacts/b200_20260727T092000Z_tcgen05_runtime
